// Jest Snapshot v1, https://goo.gl/fbAQLP

exports[`SmallMovieCard is rendered correctly 1`] = `
<article
  className="small-movie-card catalog__movies-card"
  onClick={[Function]}
  onMouseEnter={[Function]}
  onMouseLeave={[Function]}
>
  <a
    href="/films/1"
    onClick={[Function]}
  >
    <div
      className="small-movie-card__image"
    >
      <img
        alt="Parasite"
        height={175}
        src="https://m.media-amazon.com/images/M/MV5BYWZjMjk3ZTItODQ2ZC00NTY5LWE0ZDYtZTI3MjcwN2Q5NTVkXkEyXkFqcGdeQXVyODk4OTc3MTY@._V1_SY1000_CR0,0,674,1000_AL_.jpg"
        width={280}
      />
    </div>
    <h3
      className="small-movie-card__title"
    >
      <p
        className="small-movie-card__link"
      >
        Parasite
      </p>
    </h3>
  </a>
</article>
`;
